../../ad9361_adc_test/scripts/AD9361_BIST_PRBS.delays_7_0_12_0.use_ext_refclk.cmos_single_port_fdd.golden