../../ad9361_adc.test/scripts/AD9361_BIST_PRBS.e3xx.golden